// Jest Snapshot v1, https://goo.gl/fbAQLP

exports[`renders homepage unchanged 1`] = `
<div>
  <div>
    <div>
      <h1
        class="text-3xl font-bold underline"
        role="heading"
      >
        Hello
      </h1>
    </div>
  </div>
</div>
`;
